---
source: crates/rolldown_testing/src/integration_test.rs
---
# Assets

## entry.js

```js

//#region enums.ts
let A = /* @__PURE__ */ function(A) {
	A[A["A"] = 1] = "A";
	return A;
}({});
var B = /* @__PURE__ */ function(B) {
	B[B["B"] = 2] = "B";
	return B;
}(B || {});
let C$1 = /* @__PURE__ */ function(C) {
	C[C["C"] = 3] = "C";
	return C;
}({});
var D$1 = /* @__PURE__ */ function(D) {
	D[D["D"] = 4] = "D";
	return D;
}(D$1 || {});

//#endregion
//#region entry.ts
console.log([
	A.A,
	B.B,
	C$1.C,
	D$1.D
]);

//#endregion
```
