---
source: crates/rolldown_testing/src/integration_test.rs
---
# Assets

## async-entry.js

```js
"use strict";

const node_assert = __toESM(require("node:assert"));

//#region shared.js
let countInDefault = 0;
function reset() {
	countInDefault = 0;
}
function inc() {
	countInDefault += 1;
}

//#endregion
//#region async-entry.js
reset();
node_assert.default.strictEqual(countInDefault, 0);
node_assert.default.strictEqual(countInDefault, countInDefault);
inc();
node_assert.default.strictEqual(countInDefault, 1);
node_assert.default.strictEqual(countInDefault, countInDefault);

//#endregion
```
## main.js

```js

//#region main.js
Promise.resolve().then(function() {
	return require("./async-entry.js");
});

//#endregion
```
