---
source: crates/rolldown_testing/src/integration_test.rs
---
# warnings

## UNRESOLVED_IMPORT

```text
[UNRESOLVED_IMPORT] Warning: Could not resolve 'react/jsx-runtime' in entry.jsx

```
# Assets

## entry.js

```js
import { Fragment as Fragment$1, jsx as jsx$1 } from "react/jsx-runtime";


//#region custom-react.js
var require_custom_react = __commonJS({ "custom-react.js"(exports, module) {
	module.exports = {};
} });
var import_custom_react = __toESM(require_custom_react());

//#endregion
//#region entry.jsx
console.log(/* @__PURE__ */ jsx$1("div", { jsx: import_custom_react.jsx }), /* @__PURE__ */ jsx$1(Fragment$1, { children: /* @__PURE__ */ jsx$1(import_custom_react.Fragment, {}) }));

//#endregion
```
