---
source: crates/rolldown_testing/src/integration_test.rs
---
# Assets

## nested-number.js

```js

//#region nested-number.ts
let foo;
(function(_foo) {
	let x = /* @__PURE__ */ function(x) {
		x[x["y"] = 0] = "y";
		x[x["yy"] = 0] = "yy";
		return x;
	}({});
	_foo.x = x;
})(foo || (foo = {}));
(function(_foo2) {
	x = /* @__PURE__ */ function(x) {
		x[x["z"] = 1] = "z";
		return x;
	}(x || {});
	_foo2.x = x;
})(foo || (foo = {}));
(function(_foo3) {
	let x;
	(function(_x) {
		console.log(y, z);
		console.log(x.y, x.z);
	})(x || (x = _foo3.x || (_foo3.x = {})));
})(foo || (foo = {}));

//#endregion
export { foo };
```
## nested-propagation.js

```js

//#region nested-propagation.ts
let n;
(function(_n) {
	let a = /* @__PURE__ */ function(a) {
		a[a["b"] = 100] = "b";
		return a;
	}({});
	_n.a = a;
})(n || (n = {}));
(function(_n2) {
	let x = /* @__PURE__ */ function(x) {
		x[x["c"] = n.a.b] = "c";
		x[x["d"] = x.c * 2] = "d";
		x[x["e"] = x.d ** 2] = "e";
		x[x["f"] = x["e"] / 4] = "f";
		return x;
	}({});
	_n2.x = x;
})(n || (n = {}));
(function(_n3) {
	x = /* @__PURE__ */ function(x) {
		x[x["g"] = x.f >> 4] = "g";
		return x;
	}(x || {});
	_n3.x = x;
	console.log(a.b, n.a.b, n["a"]["b"], x.g, n.x.g, n["x"]["g"]);
})(n || (n = {}));

//#endregion
export { n };
```
## nested-string.js

```js

//#region nested-string.ts
let foo;
(function(_foo) {
	let x = /* @__PURE__ */ function(x) {
		x["y"] = "a";
		x["yy"] = "a";
		return x;
	}({});
	_foo.x = x;
})(foo || (foo = {}));
(function(_foo2) {
	x = /* @__PURE__ */ function(x) {
		x["z"] = "a";
		return x;
	}(x || {});
	_foo2.x = x;
})(foo || (foo = {}));
(function(_foo3) {
	let x;
	(function(_x) {
		console.log(y, z);
		console.log(x.y, x.z);
	})(x || (x = _foo3.x || (_foo3.x = {})));
})(foo || (foo = {}));

//#endregion
export { foo };
```
## number.js

```js

//#region number.ts
let x = /* @__PURE__ */ function(x) {
	x[x["y"] = 0] = "y";
	x[x["yy"] = 0] = "yy";
	return x;
}({});
x = /* @__PURE__ */ function(x) {
	x[x["z"] = 1] = "z";
	return x;
}(x || {});
(function(_x) {
	console.log(y, z);
})(x || (x = {}));
console.log(x.y, x.z);

//#endregion
export { x };
```
## propagation.js

```js

//#region propagation.ts
let a = /* @__PURE__ */ function(a) {
	a[a["b"] = 100] = "b";
	return a;
}({});
let x = /* @__PURE__ */ function(x) {
	x[x["c"] = 100] = "c";
	x[x["d"] = 200] = "d";
	x[x["e"] = x.d ** 2] = "e";
	x[x["f"] = x["e"] / 4] = "f";
	return x;
}({});
x = /* @__PURE__ */ function(x) {
	x[x["g"] = x.f >> 4] = "g";
	return x;
}(x || {});
console.log(a.b, a["b"], x.g, x["g"]);

//#endregion
export { a, x };
```
## string.js

```js

//#region string.ts
let x = /* @__PURE__ */ function(x) {
	x["y"] = "a";
	x["yy"] = "a";
	return x;
}({});
x = /* @__PURE__ */ function(x) {
	x["z"] = "a";
	return x;
}(x || {});
(function(_x) {
	console.log(y, z);
})(x || (x = {}));
console.log(x.y, x.z);

//#endregion
export { x };
```
