---
source: crates/rolldown_testing/src/integration_test.rs
---
# Assets

## entry.js

```js
"use strict";

//#region entry.mjs
function confuseNode(exports) {
	exports.notAnExport = function() {};
}

//#endregion
exports.confuseNode = confuseNode
```
