---
source: crates/rolldown_testing/src/integration_test.rs
---
# Assets

## entry.js

```js

//#region bar.js
var bar = class {
	static base = true;
};
var bar$ = class {
	static base = true;
};

//#endregion
//#region expression.js
{
	let barb = class extends bar$ {
		static test() {
			assert.ok(bar$.base);
		}
	};
	barb.test();
}
{
	let bar = class extends bar {
		static test() {
			assert.ok(bar.base);
		}
	};
	assert.strictEqual(bar.name, "bar");
	bar.test();
}

//#endregion
```
