---
source: crates/rolldown_testing/src/integration_test.rs
---
# Assets

## main.js

```js
var module = (function(exports) {

"use strict";

//#region main.js
const exports$2 = "exports";
const exports$1 = "exports$1";

//#endregion
exports.exports = exports$2
exports.exports$1 = exports$1
return exports;
})({});
```
