---
source: crates/rolldown_testing/src/integration_test.rs
---
# Assets

## main.js

```js


//#region foo.js
function a(config) {
	__require(config.extends);
}

//#endregion
//#region main.mjs
console.log(`a: `, a);

//#endregion
```
