---
source: crates/rolldown_testing/src/integration_test.rs
---
# Assets

## class.js

```js

//#region class.ts
let x;
(function(_x) {
	class y {}
	_x.y = y;
})(x || (x = {}));
(function(_x2) {
	let z = _x2.z = y;
})(x || (x = {}));

//#endregion
export { x };
```
## enum.js

```js

//#region enum.ts
let x;
(function(_x) {
	let y = /* @__PURE__ */ function(y) {
		return y;
	}({});
	_x.y = y;
})(x || (x = {}));
(function(_x2) {
	let z = _x2.z = y;
})(x || (x = {}));

//#endregion
export { x };
```
## function.js

```js

//#region function.ts
let x;
(function(_x) {
	function y() {}
	_x.y = y;
})(x || (x = {}));
(function(_x2) {
	let z = _x2.z = y;
})(x || (x = {}));

//#endregion
export { x };
```
## let.js

```js

//#region let.ts
let x;
(function(_x) {
	let y = _x.y = 123;
})(x || (x = {}));
(function(_x2) {
	let z = _x2.z = y;
})(x || (x = {}));

//#endregion
export { x };
```
## namespace.js

```js

//#region namespace.ts
let x;
(function(_x) {
	let y;
	(function(_y) {})(y || (y = _x.y || (_x.y = {})));
})(x || (x = {}));
(function(_x2) {
	let z = _x2.z = y;
})(x || (x = {}));

//#endregion
export { x };
```
