---
source: crates/rolldown_testing/src/integration_test.rs
---
# warnings

## UNRESOLVED_IMPORT

```text
[UNRESOLVED_IMPORT] Warning: Could not resolve 'react/jsx-runtime' in entry.jsx

```
# Assets

## entry.js

```js
import { jsx as jsx$1 } from "react/jsx-runtime";

//#region entry.jsx
let tests = [
	{
		...a,
		...b
	},
	{
		a,
		b,
		...c
	},
	{
		...a,
		b,
		c
	},
	{
		a,
		...b,
		c
	},
	{
		a,
		b,
		...c,
		...d,
		e,
		f,
		...g,
		...h,
		i,
		j
	}
];
let jsx$2 = [
	/* @__PURE__ */ jsx$1("div", {
		...a,
		...b
	}),
	/* @__PURE__ */ jsx$1("div", {
		a: true,
		b: true,
		...c
	}),
	/* @__PURE__ */ jsx$1("div", {
		...a,
		b: true,
		c: true
	}),
	/* @__PURE__ */ jsx$1("div", {
		a: true,
		...b,
		c: true
	}),
	/* @__PURE__ */ jsx$1("div", {
		a: true,
		b: true,
		...c,
		...d,
		e: true,
		f: true,
		...g,
		...h,
		i: true,
		j: true
	})
];

//#endregion
```
