---
source: crates/rolldown_testing/src/integration_test.rs
---
# Assets

## main_jsx.js

```js
import { jsx as _jsx, jsxs as _jsxs } from "react/jsx-runtime";

//#region main.jsx
const Hello = () => /* @__PURE__ */ _jsx("div", { children: "Hello" });
function World() {
	return /* @__PURE__ */ _jsxs("div", { children: [/* @__PURE__ */ _jsx(Hello, {}), "World"] });
}

//#endregion
export { World as default };
```
