---
source: crates/rolldown_testing/src/integration_test.rs
---
# Assets

## async-entry.js

```js
import assert from "node:assert";

//#region shared.js
let countInDefault = 0;
function reset() {
	countInDefault = 0;
}
function inc() {
	countInDefault += 1;
}

//#endregion
//#region async-entry.js
reset();
assert.strictEqual(countInDefault, 0);
assert.strictEqual(countInDefault, countInDefault);
inc();
assert.strictEqual(countInDefault, 1);
assert.strictEqual(countInDefault, countInDefault);

//#endregion
```
## main.js

```js

//#region main.js
import("./async-entry.js");

//#endregion
```
