import assert from "node:assert";

//#region promise-shim.js
const P = "promise-shim";

//#endregion
//#region jquery.js
var jquery_default = "jquery";

//#endregion
//#region node-fs.js
var node_fs_default = "node-fs";

//#endregion
//#region object-assign-shim.js
var object_assign_shim_default = "object-assign-shim";

//#endregion
//#region main.js
assert.strictEqual(P, "promise-shim");
assert.strictEqual(P, "promise-shim");
assert.strictEqual(jquery_default, "jquery");
assert.strictEqual(node_fs_default, "node-fs");
assert.strictEqual(object_assign_shim_default, "object-assign-shim");
(function(Promise, P, $, fs, Object) {
	assert.strictEqual(Promise, void 0);
	assert.strictEqual(P, void 0);
	assert.strictEqual($, void 0);
	assert.strictEqual(fs.default, void 0);
	assert.strictEqual(Object.assign, void 0);
})(void 0, void 0, void 0, {}, {});

//#endregion