---
source: crates/rolldown_testing/src/integration_test.rs
---
# Assets

## entry.js

```js

//#region entry.ts
var a_num = /* @__PURE__ */ function(a_num) {
	a_num[a_num["x"] = 123] = "x";
	return a_num;
}(a_num || {});
var b_num = /* @__PURE__ */ function(b_num) {
	b_num[b_num["x"] = 123] = "x";
	return b_num;
}(b_num || {});
var c_num = /* @__PURE__ */ function(c_num) {
	c_num[c_num["x"] = 123] = "x";
	return c_num;
}(c_num || {});
var d_num = /* @__PURE__ */ function(d_num) {
	d_num[d_num["x"] = 123] = "x";
	return d_num;
}(d_num || {});
var e_num = /* @__PURE__ */ function(e_num) {
	e_num[e_num["x"] = 123] = "x";
	return e_num;
}(e_num || {});
var a_str = /* @__PURE__ */ function(a_str) {
	a_str["x"] = "abc";
	return a_str;
}(a_str || {});
var b_str = /* @__PURE__ */ function(b_str) {
	b_str["x"] = "abc";
	return b_str;
}(b_str || {});
var c_str = /* @__PURE__ */ function(c_str) {
	c_str["x"] = "abc";
	return c_str;
}(c_str || {});
var d_str = /* @__PURE__ */ function(d_str) {
	d_str["x"] = "abc";
	return d_str;
}(d_str || {});
var e_str = /* @__PURE__ */ function(e_str) {
	e_str["x"] = "abc";
	return e_str;
}(e_str || {});
inlined = [
	a_num.x,
	b_num["x"],
	a_str.x,
	b_str["x"]
];
not_inlined = [
	c_num?.x,
	d_num?.["x"],
	e_num,
	c_str?.x,
	d_str?.["x"],
	e_str
];

//#endregion
```
