---
source: crates/rolldown_testing/src/integration_test.rs
---
# Assets

## element.js

```js

//#region element.tsx
let Foo = /* @__PURE__ */ function(Foo) {
	Foo["Div"] = "div";
	return Foo;
}({});
console.log(/* @__PURE__ */ React.createElement(Foo.Div, null));

//#endregion
export { Foo };
```
## fragment.js

```js

//#region fragment.tsx
let React = /* @__PURE__ */ function(React) {
	React["Fragment"] = "div";
	return React;
}({});
console.log(/* @__PURE__ */ React.createElement(React.Fragment, null, "test"));

//#endregion
export { React };
```
## nested-element.js

```js

//#region nested-element.tsx
let x;
(function(_x) {
	let y;
	(function(_y) {
		let Foo = /* @__PURE__ */ function(Foo) {
			Foo["Div"] = "div";
			return Foo;
		}({});
		_y.Foo = Foo;
	})(y || (y = _x.y || (_x.y = {})));
})(x || (x = {}));
(function(_x2) {
	let y;
	(function(_y2) {
		console.log(/* @__PURE__ */ React.createElement(x.y.Foo.Div, null));
	})(y || (y = _x2.y || (_x2.y = {})));
})(x || (x = {}));

//#endregion
```
## nested-fragment.js

```js

//#region nested-fragment.tsx
let x;
(function(_x) {
	let y;
	(function(_y) {
		let React = /* @__PURE__ */ function(React) {
			React["Fragment"] = "div";
			return React;
		}({});
		_y.React = React;
	})(y || (y = _x.y || (_x.y = {})));
})(x || (x = {}));
(function(_x2) {
	let y;
	(function(_y2) {
		console.log(/* @__PURE__ */ React.createElement(React.Fragment, null, "test"));
	})(y || (y = _x2.y || (_x2.y = {})));
})(x || (x = {}));

//#endregion
```
