---
source: crates/rolldown_testing/src/integration_test.rs
---
# Assets

## entry.js

```js

//#region inject.js
const old = info;
const info = (...args) => old.apply(console, ["log:"].concat(args));

//#endregion
//#region entry.js
info(test);
info(test);
info(test);

//#endregion
```
