---
source: crates/rolldown_testing/src/integration_test.rs
---
# Assets

## entry.js

```js

//#region enums.ts
let a_DROP = /* @__PURE__ */ function(a_DROP) {
	a_DROP[a_DROP["x"] = 1] = "x";
	return a_DROP;
}({});
let b_DROP = /* @__PURE__ */ function(b_DROP) {
	b_DROP[b_DROP["x"] = 2] = "x";
	return b_DROP;
}({});
let c_DROP = /* @__PURE__ */ function(c_DROP) {
	c_DROP["x"] = "";
	return c_DROP;
}({});
let a_keep = /* @__PURE__ */ function(a_keep) {
	a_keep[a_keep["x"] = false] = "x";
	return a_keep;
}({});
let b_keep = /* @__PURE__ */ function(b_keep) {
	b_keep[b_keep["x"] = foo] = "x";
	return b_keep;
}({});
let c_keep = /* @__PURE__ */ function(c_keep) {
	c_keep[c_keep["x"] = 3] = "x";
	return c_keep;
}({});
let d_keep = /* @__PURE__ */ function(d_keep) {
	d_keep[d_keep["x"] = 4] = "x";
	return d_keep;
}({});
let e_keep = {};

//#endregion
//#region entry.ts
console.log([
	a_DROP.x,
	b_DROP["x"],
	c_DROP.x
]);
console.log([
	a_keep.x,
	b_keep.x,
	c_keep,
	d_keep.y,
	e_keep.x
]);

//#endregion
```
