---
source: crates/rolldown_testing/src/integration_test.rs
---
# warnings

## UNRESOLVED_IMPORT

```text
[UNRESOLVED_IMPORT] Warning: Could not resolve 'react/jsx-runtime' in entry.jsx

```
# Assets

## entry.js

```js
import { Fragment as _Fragment, jsx as _jsx } from "react/jsx-runtime";

//#region custom-react.js
function jsx() {}
function Fragment() {}

//#endregion
//#region entry.jsx
console.log(/* @__PURE__ */ _jsx("div", { jsx }), /* @__PURE__ */ _jsx(_Fragment, { children: /* @__PURE__ */ _jsx(Fragment, {}) }));

//#endregion
```
