---
source: crates/rolldown_testing/src/integration_test.rs
---
# Assets

## entry.js

```js

//#region entry.ts
function before() {
	console.log(Foo.FOO);
}
var Foo = /* @__PURE__ */ function(Foo) {
	Foo[Foo["FOO"] = 0] = "FOO";
	return Foo;
}(Foo || {});
function after() {
	console.log(Foo.FOO);
}

//#endregion
export { after, before };
```
