---
source: crates/rolldown_testing/src/integration_test.rs
---
# Assets

## main.js

```js
import * as ext1 from "external";
import * as ext from "external";
import { a as a$1, a as a$2, a as a1, b as b$1, b as b$2, b as b1 } from "external";

//#region foo.js
const a1$1 = 1;
console.log(a1$1);

//#endregion
//#region main.js
console.log(ext, a1, b1, ext1, a$2, b$2);

//#endregion
export { a$1 as a, b$1 as b };
```
