---
source: crates/rolldown_testing/src/integration_test.rs
---
# warnings

## UNRESOLVED_IMPORT

```text
[UNRESOLVED_IMPORT] Warning: Could not resolve 'react/jsx-runtime' in entry.jsx

```
# Assets

## entry.js

```js
import { Fragment as _Fragment, jsx as _jsx, jsxs as _jsxs } from "react/jsx-runtime";

//#region entry.jsx
console.log(
	/* @__PURE__ */ _jsx("div", { x }),
	/* @__PURE__ */ _jsx("div", { x: "y" }),
	/* @__PURE__ */ _jsx("div", { x: true }),
	/* @__PURE__ */ _jsx("div", { ...x }),
	/* @__PURE__ */ _jsx("div", { children: x }),
	/* @__PURE__ */ _jsx(_Fragment, { children: x }),
	// Comments on absent AST nodes
	/* @__PURE__ */ _jsxs("div", { children: ["before", "after"] }),
	/* @__PURE__ */ _jsxs("div", { children: ["before", "after"] }),
	/* @__PURE__ */ _jsxs("div", { children: ["before", "after"] }),
	/* @__PURE__ */ _jsxs(_Fragment, { children: ["before", "after"] }),
	/* @__PURE__ */ _jsxs(_Fragment, { children: ["before", "after"] }),
	/* @__PURE__ */ _jsxs(_Fragment, { children: ["before", "after"] })
);

//#endregion
```
