---
source: crates/rolldown_testing/src/integration_test.rs
---
# Assets

## entry.js

```js

const node_assert = __toESM(require("node:assert"));

//#region foo/test.js
var test_exports = {};
__export(test_exports, { foo: () => foo$1 });
let foo$1 = 123;

//#endregion
//#region bar/test.js
var test_exports$1 = {};
__export(test_exports$1, { bar: () => bar$1 });
let bar$1 = 123;

//#endregion
//#region entry.js
console.log(exports, module.exports);
node_assert.default.deepEqual(test_exports, { foo: 123 });
node_assert.default.deepEqual(test_exports$1, { bar: 123 });

//#endregion
```
