---
source: crates/rolldown_testing/src/integration_test.rs
---
# Assets

## main.js

```js
import assert from "node:assert";


//#region a.js
function s() {}
__name(s, "test");
function b() {}
__name(b, "a");
var Bar = class {
	static {
		__name(this, "Foo");
	}
};

//#endregion
//#region main.js
s();
b();
const test = 10;
var Foo = class extends Bar {};
console.log(`test: `, test);
assert.strictEqual(Foo.name, "Foo");
assert.strictEqual(Bar.name, "Foo");
assert.strictEqual(s.name, "test");

//#endregion
```
