---
source: crates/rolldown_testing/src/integration_test.rs
---
# Assets

## const-entry.js

```js

//#region const-constants.js
const a = "foo";
const b = "bar";

//#endregion
//#region const-entry.js
console.log([typeof b], [a + b], [
	a < b,
	a > b,
	a <= b,
	a >= b,
	a == b,
	a != b,
	a === b,
	a !== b
], [
	a && b,
	a || b,
	a ?? b,
	a ? "y" : "n",
	!b ? "y" : "n"
]);

//#endregion
```
## enum-entry.js

```js

//#region enum-constants.ts
let x = /* @__PURE__ */ function(x) {
	x["a"] = "foo";
	x["b"] = "bar";
	return x;
}({});

//#endregion
//#region enum-entry.ts
console.log([typeof x.b], [x.a + x.b], [
	x.a < x.b,
	x.a > x.b,
	x.a <= x.b,
	x.a >= x.b,
	x.a == x.b,
	x.a != x.b,
	x.a === x.b,
	x.a !== x.b
], [
	x.a && x.b,
	x.a || x.b,
	x.a ?? x.b,
	x.a ? "y" : "n",
	!x.b ? "y" : "n"
]);

//#endregion
```
## nested-entry.js

```js

//#region nested-constants.ts
const a = "foo";
const b = "bar";
const c = "baz";
let x = /* @__PURE__ */ function(x) {
	x["a"] = "FOO";
	x["b"] = "BAR";
	x["c"] = "BAZ";
	return x;
}({});

//#endregion
//#region nested-entry.ts
console.log({
	"should be foobarbaz": a + b + c,
	"should be FOOBARBAZ": x.a + x.b + x.c
});

//#endregion
```
