---
source: crates/rolldown_testing/src/integration_test.rs
---
# Assets

## main.js

```js

//#region tla.js
const tlaValue = await Promise.resolve("tla");

//#endregion
//#region lib.js
const value = tlaValue + "+lib";

//#endregion
export { value };
```
---

Variant: (strict_execution_order: true)

# Assets

## main.js

```js


//#region tla.js
var tlaValue;
var init_tla = __esm({ async "tla.js"() {
	tlaValue = await Promise.resolve("tla");
} });

//#endregion
//#region lib.js
var value;
var init_lib = __esm({ async "lib.js"() {
	await init_tla();
	value = tlaValue + "+lib";
} });

//#endregion
//#region main.js
var init_main = __esm({ async "main.js"() {
	await init_lib();
} });

//#endregion
await init_main();
export { value };
```
