---
source: crates/rolldown_testing/src/integration_test.rs
---
# Assets

## entry.js

```js

//#region inject.js
const old = $inject_console_log;
const $inject_console_log = (...args) => old.apply(console, ["log:"].concat(args));

//#endregion
//#region entry.js
$inject_console_log(test);

//#endregion
```
