---
source: crates/rolldown_testing/src/integration_test.rs
---
# warnings

## UNRESOLVED_IMPORT

```text
[UNRESOLVED_IMPORT] Warning: Could not resolve 'react/jsx-runtime' in entry.jsx

```
# Assets

## entry.js

```js
import { jsx as _jsx } from "react/jsx-runtime";

//#region foo.js
var XYYYY = class {};

//#endregion
//#region entry.jsx
console.log(/* @__PURE__ */ _jsx(XYYYY, { "tag-must-start-with-capital-letter": true }));

//#endregion
```
