---
source: crates/rolldown_testing/src/integration_test.rs
---
# Assets

## main.js

```js
import assert from "assert";

//#region a.js
const a2 = "a.js";

//#endregion
//#region main.js
const a = "main.js";
assert.equal(a, "main.js");
assert.equal(a2, "a.js");

//#endregion
```
