---
source: crates/rolldown_testing/src/integration_test.rs
---
# Assets

## entry.js

```js

//#region lib.ts
let Bar = /* @__PURE__ */ function(Bar) {
	Bar["bar1"] = "xyz";
	Bar["bar2"] = "x y z";
	return Bar;
}({});

//#endregion
//#region entry.ts
var Foo = /* @__PURE__ */ function(Foo) {
	Foo["foo1"] = "abc";
	Foo["foo2"] = "a b c";
	return Foo;
}(Foo || {});
inlined = [
	obj[Foo.foo1],
	obj[Bar.bar1],
	obj?.[Foo.foo1],
	obj?.[Bar.bar1],
	obj?.prop[Foo.foo1],
	obj?.prop[Bar.bar1]
];
notInlined = [
	obj[Foo.foo2],
	obj[Bar.bar2],
	obj?.[Foo.foo2],
	obj?.[Bar.bar2],
	obj?.prop[Foo.foo2],
	obj?.prop[Bar.bar2]
];

//#endregion
```
