---
source: crates/rolldown_testing/src/integration_test.rs
---
# Assets

## main.js

```js

//#region main.js
function nested1() {
	function x() {}
	function x$1() {
		x();
	}
	function x$1$1() {
		x();
	}
	return [
		x,
		x$1,
		x$1$1
	];
}
function nested2() {
	function x$1$1() {
		x();
	}
	function x$1() {
		x();
	}
	function x() {}
	return [
		x,
		x$1,
		x$1$1
	];
}
const x = "x";

//#endregion
export { nested1, nested2, x };
```
