---
source: crates/rolldown_testing/src/integration_test.rs
---
# Assets

## entry.js

```js
import assert from "node:assert";

//#region baz.js
const bar = 123;

//#endregion
//#region foo.js
statement();
statement();
statement();
statement();

//#endregion
//#region entry.js
assert.equal(bar, 123);

//#endregion
```
