---
source: crates/rolldown_testing/src/integration_test.rs
---
# Assets

## entry.js

```js

//#region entry.ts
var Foo = /* @__PURE__ */ function(Foo) {
	Foo[Foo["NAN"] = NaN] = "NAN";
	Foo[Foo["POS_INF"] = Infinity] = "POS_INF";
	Foo[Foo["NEG_INF"] = -Infinity] = "NEG_INF";
	return Foo;
}(Foo || {});
//! It's ok to use "NaN" and "Infinity" here
console.log(Foo.NAN, Foo.POS_INF, Foo.NEG_INF);
checkPrecedence(1 / Foo.NAN, 1 / Foo.POS_INF, 1 / Foo.NEG_INF);
//! We must not use "NaN" or "Infinity" inside "with"
with(x) {
	console.log(Foo.NAN, Foo.POS_INF, Foo.NEG_INF);
	checkPrecedence(1 / Foo.NAN, 1 / Foo.POS_INF, 1 / Foo.NEG_INF);
}

//#endregion
```
