---
source: crates/rolldown_testing/src/integration_test.rs
---
# Assets

## entry.js

```js
(function() {


//#region entry.js
function a(x = arguments) {
	let arguments;
}
function b(x = arguments) {
	let arguments;
}
function c(x = arguments) {
	let arguments;
}
a();
b();
c();

//#endregion
})();
```
