---
source: crates/rolldown_testing/src/integration_test.rs
---
# Assets

## entry.js

```js
import assert from "node:assert";

//#region src/demo-pkg/no-ext-browser/index.js
let a = "browser";

//#endregion
//#region src/demo-pkg/no-ext/index.js
let b = "node";

//#endregion
//#region src/demo-pkg/ext-browser/index.js
let d = "browser";

//#endregion
//#region src/entry.js
assert.equal(a, "browser");
assert.equal(b, "node");
assert.equal(d, "browser");
assert.equal(d, "browser");

//#endregion
```
